[2026-08-24 08:21:28.516 WARN] [] LPS.APS 应用程序启动失败
System.AggregateException: Some services are not able to be constructed (Error while validating the service descriptor 'ServiceType: LPS.APS.Core.Interfaces.IPeggingOrchestrator Lifetime: Scoped ImplementationType: LPS.APS.Application.Services.PeggingOrchestrator': Unable to resolve service for type 'LPS.APS.Core.Interfaces.IPeggingRuleService' while attempting to activate 'LPS.APS.Application.Services.PeggingOrchestrator'.) (Error while validating the service descriptor 'ServiceType: LPS.APS.Core.Interfaces.ISchedulingOrchestrator Lifetime: Scoped ImplementationType: LPS.APS.Application.Services.SchedulingOrchestrator': Unable to resolve service for type 'LPS.APS.Scheduling.Solvers.FiniteCapacitySolver' while attempting to activate 'LPS.APS.Application.Services.SchedulingOrchestrator'.)
 ---> System.InvalidOperationException: Error while validating the service descriptor 'ServiceType: LPS.APS.Core.Interfaces.IPeggingOrchestrator Lifetime: Scoped ImplementationType: LPS.APS.Application.Services.PeggingOrchestrator': Unable to resolve service for type 'LPS.APS.Core.Interfaces.IPeggingRuleService' while attempting to activate 'LPS.APS.Application.Services.PeggingOrchestrator'.
 ---> System.InvalidOperationException: Unable to resolve service for type 'LPS.APS.Core.Interfaces.IPeggingRuleService' while attempting to activate 'LPS.APS.Application.Services.PeggingOrchestrator'.
   at Microsoft.Extensions.DependencyInjection.ServiceLookup.CallSiteFactory.CreateArgumentCallSites(ServiceIdentifier serviceIdentifier, Type implementationType, CallSiteChain callSiteChain, ParameterInfo[] parameters, Boolean throwIfCallSiteNotFound)
   at Microsoft.Extensions.DependencyInjection.ServiceLookup.CallSiteFactory.CreateConstructorCallSite(ResultCache lifetime, ServiceIdentifier serviceIdentifier, Type implementationType, CallSiteChain callSiteChain)
   at Microsoft.Extensions.DependencyInjection.ServiceLookup.CallSiteFactory.CreateExact(ServiceDescriptor descriptor, ServiceIdentifier serviceIdentifier, CallSiteChain callSiteChain, Int32 slot)
   at Microsoft.Extensions.DependencyInjection.ServiceLookup.CallSiteFactory.TryCreateExact(ServiceDescriptor descriptor, ServiceIdentifier serviceIdentifier, CallSiteChain callSiteChain, Int32 slot)
   at Microsoft.Extensions.DependencyInjection.ServiceLookup.CallSiteFactory.GetCallSite(ServiceDescriptor serviceDescriptor, CallSiteChain callSiteChain)
   at Microsoft.Extensions.DependencyInjection.ServiceProvider.ValidateService(ServiceDescriptor descriptor)
   --- End of inner exception stack trace ---
   at Microsoft.Extensions.DependencyInjection.ServiceProvider.ValidateService(ServiceDescriptor descriptor)
   at Microsoft.Extensions.DependencyInjection.ServiceProvider..ctor(ICollection`1 serviceDescriptors, ServiceProviderOptions options)
   --- End of inner exception stack trace ---
   at Microsoft.Extensions.DependencyInjection.ServiceProvider..ctor(ICollection`1 serviceDescriptors, ServiceProviderOptions options)
   at Microsoft.Extensions.DependencyInjection.ServiceCollectionContainerBuilderExtensions.BuildServiceProvider(IServiceCollection services, ServiceProviderOptions options)
   at Microsoft.Extensions.Hosting.HostApplicationBuilder.Build()
   at Microsoft.AspNetCore.Builder.WebApplicationBuilder.Build()
   at Program.<Main>$(String[] args) in D:\AIProjs\gitprojs\lpscode\LPS.APS.Web\Program.cs:line 190
 ---> (Inner Exception #1) System.InvalidOperationException: Error while validating the service descriptor 'ServiceType: LPS.APS.Core.Interfaces.ISchedulingOrchestrator Lifetime: Scoped ImplementationType: LPS.APS.Application.Services.SchedulingOrchestrator': Unable to resolve service for type 'LPS.APS.Scheduling.Solvers.FiniteCapacitySolver' while attempting to activate 'LPS.APS.Application.Services.SchedulingOrchestrator'.
 ---> System.InvalidOperationException: Unable to resolve service for type 'LPS.APS.Scheduling.Solvers.FiniteCapacitySolver' while attempting to activate 'LPS.APS.Application.Services.SchedulingOrchestrator'.
   at Microsoft.Extensions.DependencyInjection.ServiceLookup.CallSiteFactory.CreateArgumentCallSites(ServiceIdentifier serviceIdentifier, Type implementationType, CallSiteChain callSiteChain, ParameterInfo[] parameters, Boolean throwIfCallSiteNotFound)
   at Microsoft.Extensions.DependencyInjection.ServiceLookup.CallSiteFactory.CreateConstructorCallSite(ResultCache lifetime, ServiceIdentifier serviceIdentifier, Type implementationType, CallSiteChain callSiteChain)
   at Microsoft.Extensions.DependencyInjection.ServiceLookup.CallSiteFactory.CreateExact(ServiceDescriptor descriptor, ServiceIdentifier serviceIdentifier, CallSiteChain callSiteChain, Int32 slot)
   at Microsoft.Extensions.DependencyInjection.ServiceLookup.CallSiteFactory.TryCreateExact(ServiceDescriptor descriptor, ServiceIdentifier serviceIdentifier, CallSiteChain callSiteChain, Int32 slot)
   at Microsoft.Extensions.DependencyInjection.ServiceLookup.CallSiteFactory.GetCallSite(ServiceDescriptor serviceDescriptor, CallSiteChain callSiteChain)
   at Microsoft.Extensions.DependencyInjection.ServiceProvider.ValidateService(ServiceDescriptor descriptor)
   --- End of inner exception stack trace ---
   at Microsoft.Extensions.DependencyInjection.ServiceProvider.ValidateService(ServiceDescriptor descriptor)
   at Microsoft.Extensions.DependencyInjection.ServiceProvider..ctor(ICollection`1 serviceDescriptors, ServiceProviderOptions options)<---

