[2026-09-02 08:46:40.030] [] ========================================
[2026-09-02 08:46:40.075] [] LPS.APS 应用程序启动中...
[2026-09-02 08:46:40.076] [] ========================================
[2026-09-02 08:46:41.649] [] LPS.APS 应用程序启动完成
[2026-09-02 08:46:41.875] [Microsoft.Hosting.Lifetime] Now listening on: http://localhost:5163
[2026-09-02 08:46:41.975] [Microsoft.Hosting.Lifetime] Application started. Press Ctrl+C to shut down.
[2026-09-02 08:46:41.976] [Microsoft.Hosting.Lifetime] Hosting environment: Development
[2026-09-02 08:46:41.976] [Microsoft.Hosting.Lifetime] Content root path: D:\AIProjs\gitprojs\lpscode\LPS.APS.Web
[2026-09-02 17:22:02.257] [] ========================================
[2026-09-02 17:22:02.303] [] LPS.APS 应用程序启动中...
[2026-09-02 17:22:02.303] [] ========================================
[2026-09-02 17:22:03.800] [] LPS.APS 应用程序启动完成
[2026-09-02 17:22:04.048] [Microsoft.Hosting.Lifetime] Now listening on: http://localhost:5163
[2026-09-02 17:22:04.145] [Microsoft.Hosting.Lifetime] Application started. Press Ctrl+C to shut down.
[2026-09-02 17:22:04.146] [Microsoft.Hosting.Lifetime] Hosting environment: Development
[2026-09-02 17:22:04.146] [Microsoft.Hosting.Lifetime] Content root path: D:\AIProjs\gitprojs\lpscode\LPS.APS.Web
[2026-09-02 17:37:43.058] [] ========================================
[2026-09-02 17:37:43.114] [] LPS.APS 应用程序启动中...
[2026-09-02 17:37:43.115] [] ========================================
[2026-09-02 17:37:44.419] [] LPS.APS 应用程序启动完成
[2026-09-02 17:37:44.601] [Microsoft.Hosting.Lifetime] Now listening on: http://localhost:5163
[2026-09-02 17:37:44.704] [Microsoft.Hosting.Lifetime] Application started. Press Ctrl+C to shut down.
[2026-09-02 17:37:44.705] [Microsoft.Hosting.Lifetime] Hosting environment: Development
[2026-09-02 17:37:44.705] [Microsoft.Hosting.Lifetime] Content root path: D:\AIProjs\gitprojs\lpscode\LPS.APS.Web
