[2026-06-24 10:39:08.542 INF] [] ========================================
[2026-06-24 10:39:08.582 INF] [] LPS.APS 应用程序启动中...
[2026-06-24 10:39:08.582 INF] [] ========================================
[2026-06-24 10:39:09.861 INF] [] LPS.APS 应用程序启动完成
[2026-06-24 10:39:09.865 DBG] [Microsoft.Extensions.Hosting.Internal.Host] Hosting starting
[2026-06-24 10:39:10.093 INF] [Microsoft.Hosting.Lifetime] Now listening on: https://localhost:7044
[2026-06-24 10:39:10.094 INF] [Microsoft.Hosting.Lifetime] Now listening on: http://localhost:5163
[2026-06-24 10:39:10.184 INF] [Microsoft.Hosting.Lifetime] Application started. Press Ctrl+C to shut down.
[2026-06-24 10:39:10.185 INF] [Microsoft.Hosting.Lifetime] Hosting environment: Development
[2026-06-24 10:39:10.186 INF] [Microsoft.Hosting.Lifetime] Content root path: D:\AIProjs\claud\recbom\lpscode\LPS.APS.Web
[2026-06-24 10:39:10.186 DBG] [Microsoft.Extensions.Hosting.Internal.Host] Hosting started
[2026-06-24 10:40:02.540 INF] [] ========================================
[2026-06-24 10:40:02.577 INF] [] LPS.APS 应用程序启动中...
[2026-06-24 10:40:02.578 INF] [] ========================================
[2026-06-24 10:40:05.079 INF] [] LPS.APS 应用程序启动完成
[2026-06-24 10:40:05.084 DBG] [Microsoft.Extensions.Hosting.Internal.Host] Hosting starting
[2026-06-24 10:40:05.342 INF] [Microsoft.Hosting.Lifetime] Now listening on: http://localhost:5163
[2026-06-24 10:40:05.473 INF] [Microsoft.Hosting.Lifetime] Application started. Press Ctrl+C to shut down.
[2026-06-24 10:40:05.497 INF] [Microsoft.Hosting.Lifetime] Hosting environment: Development
[2026-06-24 10:40:05.501 INF] [Microsoft.Hosting.Lifetime] Content root path: D:\AIProjs\claud\recbom\lpscode\LPS.APS.Web
[2026-06-24 10:40:05.511 DBG] [Microsoft.Extensions.Hosting.Internal.Host] Hosting started
