[2026-08-27 10:59:29.580 INF] [] ========================================
[2026-08-27 10:59:29.628 INF] [] LPS.APS 应用程序启动中...
[2026-08-27 10:59:29.628 INF] [] ========================================
[2026-08-27 10:59:30.356 FTL] [] LPS.APS 应用程序启动失败
System.AggregateException: Some services are not able to be constructed (Error while validating the service descriptor 'ServiceType: LPS.APS.Core.Interfaces.IPeggingOrchestrator Lifetime: Scoped ImplementationType: LPS.APS.Application.Services.PeggingOrchestrator': Unable to resolve service for type 'LPS.APS.Core.Interfaces.IPeggingRuleService' while attempting to activate 'LPS.APS.Application.Services.PeggingOrchestrator'.) (Error while validating the service descriptor 'ServiceType: LPS.APS.Core.Interfaces.ISchedulingOrchestrator Lifetime: Scoped ImplementationType: LPS.APS.Application.Services.SchedulingOrchestrator': Unable to resolve service for type 'LPS.APS.Scheduling.Solvers.FiniteCapacitySolver' while attempting to activate 'LPS.APS.Application.Services.SchedulingOrchestrator'.)
 ---> System.InvalidOperationException: Error while validating the service descriptor 'ServiceType: LPS.APS.Core.Interfaces.IPeggingOrchestrator Lifetime: Scoped ImplementationType: LPS.APS.Application.Services.PeggingOrchestrator': Unable to resolve service for type 'LPS.APS.Core.Interfaces.IPeggingRuleService' while attempting to activate 'LPS.APS.Application.Services.PeggingOrchestrator'.
 ---> System.InvalidOperationException: Unable to resolve service for type 'LPS.APS.Core.Interfaces.IPeggingRuleService' while attempting to activate 'LPS.APS.Application.Services.PeggingOrchestrator'.
   at Microsoft.Extensions.DependencyInjection.ServiceLookup.CallSiteFactory.CreateArgumentCallSites(ServiceIdentifier serviceIdentifier, Type implementationType, CallSiteChain callSiteChain, ParameterInfo[] parameters, Boolean throwIfCallSiteNotFound)
   at Microsoft.Extensions.DependencyInjection.ServiceLookup.CallSiteFactory.CreateConstructorCallSite(ResultCache lifetime, ServiceIdentifier serviceIdentifier, Type implementationType, CallSiteChain callSiteChain)
   at Microsoft.Extensions.DependencyInjection.ServiceLookup.CallSiteFactory.CreateExact(ServiceDescriptor descriptor, ServiceIdentifier serviceIdentifier, CallSiteChain callSiteChain, Int32 slot)
   at Microsoft.Extensions.DependencyInjection.ServiceLookup.CallSiteFactory.TryCreateExact(ServiceDescriptor descriptor, ServiceIdentifier serviceIdentifier, CallSiteChain callSiteChain, Int32 slot)
   at Microsoft.Extensions.DependencyInjection.ServiceLookup.CallSiteFactory.GetCallSite(ServiceDescriptor serviceDescriptor, CallSiteChain callSiteChain)
   at Microsoft.Extensions.DependencyInjection.ServiceProvider.ValidateService(ServiceDescriptor descriptor)
   --- End of inner exception stack trace ---
   at Microsoft.Extensions.DependencyInjection.ServiceProvider.ValidateService(ServiceDescriptor descriptor)
   at Microsoft.Extensions.DependencyInjection.ServiceProvider..ctor(ICollection`1 serviceDescriptors, ServiceProviderOptions options)
   --- End of inner exception stack trace ---
   at Microsoft.Extensions.DependencyInjection.ServiceProvider..ctor(ICollection`1 serviceDescriptors, ServiceProviderOptions options)
   at Microsoft.Extensions.DependencyInjection.ServiceCollectionContainerBuilderExtensions.BuildServiceProvider(IServiceCollection services, ServiceProviderOptions options)
   at Microsoft.Extensions.Hosting.HostApplicationBuilder.Build()
   at Microsoft.AspNetCore.Builder.WebApplicationBuilder.Build()
   at Program.<Main>$(String[] args) in D:\AIProjs\gitprojs\lpscode\LPS.APS.Web\Program.cs:line 190
 ---> (Inner Exception #1) System.InvalidOperationException: Error while validating the service descriptor 'ServiceType: LPS.APS.Core.Interfaces.ISchedulingOrchestrator Lifetime: Scoped ImplementationType: LPS.APS.Application.Services.SchedulingOrchestrator': Unable to resolve service for type 'LPS.APS.Scheduling.Solvers.FiniteCapacitySolver' while attempting to activate 'LPS.APS.Application.Services.SchedulingOrchestrator'.
 ---> System.InvalidOperationException: Unable to resolve service for type 'LPS.APS.Scheduling.Solvers.FiniteCapacitySolver' while attempting to activate 'LPS.APS.Application.Services.SchedulingOrchestrator'.
   at Microsoft.Extensions.DependencyInjection.ServiceLookup.CallSiteFactory.CreateArgumentCallSites(ServiceIdentifier serviceIdentifier, Type implementationType, CallSiteChain callSiteChain, ParameterInfo[] parameters, Boolean throwIfCallSiteNotFound)
   at Microsoft.Extensions.DependencyInjection.ServiceLookup.CallSiteFactory.CreateConstructorCallSite(ResultCache lifetime, ServiceIdentifier serviceIdentifier, Type implementationType, CallSiteChain callSiteChain)
   at Microsoft.Extensions.DependencyInjection.ServiceLookup.CallSiteFactory.CreateExact(ServiceDescriptor descriptor, ServiceIdentifier serviceIdentifier, CallSiteChain callSiteChain, Int32 slot)
   at Microsoft.Extensions.DependencyInjection.ServiceLookup.CallSiteFactory.TryCreateExact(ServiceDescriptor descriptor, ServiceIdentifier serviceIdentifier, CallSiteChain callSiteChain, Int32 slot)
   at Microsoft.Extensions.DependencyInjection.ServiceLookup.CallSiteFactory.GetCallSite(ServiceDescriptor serviceDescriptor, CallSiteChain callSiteChain)
   at Microsoft.Extensions.DependencyInjection.ServiceProvider.ValidateService(ServiceDescriptor descriptor)
   --- End of inner exception stack trace ---
   at Microsoft.Extensions.DependencyInjection.ServiceProvider.ValidateService(ServiceDescriptor descriptor)
   at Microsoft.Extensions.DependencyInjection.ServiceProvider..ctor(ICollection`1 serviceDescriptors, ServiceProviderOptions options)<---

[2026-08-27 14:41:36.427 INF] [] ========================================
[2026-08-27 14:41:36.469 INF] [] LPS.APS 应用程序启动中...
[2026-08-27 14:41:36.469 INF] [] ========================================
[2026-08-27 14:41:37.172 FTL] [] LPS.APS 应用程序启动失败
System.AggregateException: Some services are not able to be constructed (Error while validating the service descriptor 'ServiceType: LPS.APS.Core.Interfaces.IPeggingOrchestrator Lifetime: Scoped ImplementationType: LPS.APS.Application.Services.PeggingOrchestrator': Unable to resolve service for type 'LPS.APS.Core.Interfaces.IPeggingRuleService' while attempting to activate 'LPS.APS.Application.Services.PeggingOrchestrator'.) (Error while validating the service descriptor 'ServiceType: LPS.APS.Core.Interfaces.ISchedulingOrchestrator Lifetime: Scoped ImplementationType: LPS.APS.Application.Services.SchedulingOrchestrator': Unable to resolve service for type 'LPS.APS.Core.Interfaces.IBatchSplitter' while attempting to activate 'LPS.APS.Application.Services.SchedulingOrchestrator'.)
 ---> System.InvalidOperationException: Error while validating the service descriptor 'ServiceType: LPS.APS.Core.Interfaces.IPeggingOrchestrator Lifetime: Scoped ImplementationType: LPS.APS.Application.Services.PeggingOrchestrator': Unable to resolve service for type 'LPS.APS.Core.Interfaces.IPeggingRuleService' while attempting to activate 'LPS.APS.Application.Services.PeggingOrchestrator'.
 ---> System.InvalidOperationException: Unable to resolve service for type 'LPS.APS.Core.Interfaces.IPeggingRuleService' while attempting to activate 'LPS.APS.Application.Services.PeggingOrchestrator'.
   at Microsoft.Extensions.DependencyInjection.ServiceLookup.CallSiteFactory.CreateArgumentCallSites(ServiceIdentifier serviceIdentifier, Type implementationType, CallSiteChain callSiteChain, ParameterInfo[] parameters, Boolean throwIfCallSiteNotFound)
   at Microsoft.Extensions.DependencyInjection.ServiceLookup.CallSiteFactory.CreateConstructorCallSite(ResultCache lifetime, ServiceIdentifier serviceIdentifier, Type implementationType, CallSiteChain callSiteChain)
   at Microsoft.Extensions.DependencyInjection.ServiceLookup.CallSiteFactory.CreateExact(ServiceDescriptor descriptor, ServiceIdentifier serviceIdentifier, CallSiteChain callSiteChain, Int32 slot)
   at Microsoft.Extensions.DependencyInjection.ServiceLookup.CallSiteFactory.TryCreateExact(ServiceDescriptor descriptor, ServiceIdentifier serviceIdentifier, CallSiteChain callSiteChain, Int32 slot)
   at Microsoft.Extensions.DependencyInjection.ServiceLookup.CallSiteFactory.GetCallSite(ServiceDescriptor serviceDescriptor, CallSiteChain callSiteChain)
   at Microsoft.Extensions.DependencyInjection.ServiceProvider.ValidateService(ServiceDescriptor descriptor)
   --- End of inner exception stack trace ---
   at Microsoft.Extensions.DependencyInjection.ServiceProvider.ValidateService(ServiceDescriptor descriptor)
   at Microsoft.Extensions.DependencyInjection.ServiceProvider..ctor(ICollection`1 serviceDescriptors, ServiceProviderOptions options)
   --- End of inner exception stack trace ---
   at Microsoft.Extensions.DependencyInjection.ServiceProvider..ctor(ICollection`1 serviceDescriptors, ServiceProviderOptions options)
   at Microsoft.Extensions.DependencyInjection.ServiceCollectionContainerBuilderExtensions.BuildServiceProvider(IServiceCollection services, ServiceProviderOptions options)
   at Microsoft.Extensions.Hosting.HostApplicationBuilder.Build()
   at Microsoft.AspNetCore.Builder.WebApplicationBuilder.Build()
   at Program.<Main>$(String[] args) in D:\AIProjs\gitprojs\lpscode\LPS.APS.Web\Program.cs:line 197
 ---> (Inner Exception #1) System.InvalidOperationException: Error while validating the service descriptor 'ServiceType: LPS.APS.Core.Interfaces.ISchedulingOrchestrator Lifetime: Scoped ImplementationType: LPS.APS.Application.Services.SchedulingOrchestrator': Unable to resolve service for type 'LPS.APS.Core.Interfaces.IBatchSplitter' while attempting to activate 'LPS.APS.Application.Services.SchedulingOrchestrator'.
 ---> System.InvalidOperationException: Unable to resolve service for type 'LPS.APS.Core.Interfaces.IBatchSplitter' while attempting to activate 'LPS.APS.Application.Services.SchedulingOrchestrator'.
   at Microsoft.Extensions.DependencyInjection.ServiceLookup.CallSiteFactory.CreateArgumentCallSites(ServiceIdentifier serviceIdentifier, Type implementationType, CallSiteChain callSiteChain, ParameterInfo[] parameters, Boolean throwIfCallSiteNotFound)
   at Microsoft.Extensions.DependencyInjection.ServiceLookup.CallSiteFactory.CreateConstructorCallSite(ResultCache lifetime, ServiceIdentifier serviceIdentifier, Type implementationType, CallSiteChain callSiteChain)
   at Microsoft.Extensions.DependencyInjection.ServiceLookup.CallSiteFactory.CreateExact(ServiceDescriptor descriptor, ServiceIdentifier serviceIdentifier, CallSiteChain callSiteChain, Int32 slot)
   at Microsoft.Extensions.DependencyInjection.ServiceLookup.CallSiteFactory.TryCreateExact(ServiceDescriptor descriptor, ServiceIdentifier serviceIdentifier, CallSiteChain callSiteChain, Int32 slot)
   at Microsoft.Extensions.DependencyInjection.ServiceLookup.CallSiteFactory.GetCallSite(ServiceDescriptor serviceDescriptor, CallSiteChain callSiteChain)
   at Microsoft.Extensions.DependencyInjection.ServiceProvider.ValidateService(ServiceDescriptor descriptor)
   --- End of inner exception stack trace ---
   at Microsoft.Extensions.DependencyInjection.ServiceProvider.ValidateService(ServiceDescriptor descriptor)
   at Microsoft.Extensions.DependencyInjection.ServiceProvider..ctor(ICollection`1 serviceDescriptors, ServiceProviderOptions options)<---

[2026-08-27 14:52:57.563 INF] [] ========================================
[2026-08-27 14:52:57.615 INF] [] LPS.APS 应用程序启动中...
[2026-08-27 14:52:57.616 INF] [] ========================================
[2026-08-27 14:52:58.374 FTL] [] LPS.APS 应用程序启动失败
System.AggregateException: Some services are not able to be constructed (Error while validating the service descriptor 'ServiceType: LPS.APS.Core.Interfaces.IPeggingOrchestrator Lifetime: Scoped ImplementationType: LPS.APS.Application.Services.PeggingOrchestrator': Unable to resolve service for type 'LPS.APS.Core.Interfaces.IPeggingRuleService' while attempting to activate 'LPS.APS.Application.Services.PeggingOrchestrator'.) (Error while validating the service descriptor 'ServiceType: LPS.APS.Core.Interfaces.ISchedulingOrchestrator Lifetime: Scoped ImplementationType: LPS.APS.Application.Services.SchedulingOrchestrator': Unable to resolve service for type 'LPS.APS.Core.Interfaces.IBatchSplitter' while attempting to activate 'LPS.APS.Application.Services.SchedulingOrchestrator'.)
 ---> System.InvalidOperationException: Error while validating the service descriptor 'ServiceType: LPS.APS.Core.Interfaces.IPeggingOrchestrator Lifetime: Scoped ImplementationType: LPS.APS.Application.Services.PeggingOrchestrator': Unable to resolve service for type 'LPS.APS.Core.Interfaces.IPeggingRuleService' while attempting to activate 'LPS.APS.Application.Services.PeggingOrchestrator'.
 ---> System.InvalidOperationException: Unable to resolve service for type 'LPS.APS.Core.Interfaces.IPeggingRuleService' while attempting to activate 'LPS.APS.Application.Services.PeggingOrchestrator'.
   at Microsoft.Extensions.DependencyInjection.ServiceLookup.CallSiteFactory.CreateArgumentCallSites(ServiceIdentifier serviceIdentifier, Type implementationType, CallSiteChain callSiteChain, ParameterInfo[] parameters, Boolean throwIfCallSiteNotFound)
   at Microsoft.Extensions.DependencyInjection.ServiceLookup.CallSiteFactory.CreateConstructorCallSite(ResultCache lifetime, ServiceIdentifier serviceIdentifier, Type implementationType, CallSiteChain callSiteChain)
   at Microsoft.Extensions.DependencyInjection.ServiceLookup.CallSiteFactory.CreateExact(ServiceDescriptor descriptor, ServiceIdentifier serviceIdentifier, CallSiteChain callSiteChain, Int32 slot)
   at Microsoft.Extensions.DependencyInjection.ServiceLookup.CallSiteFactory.TryCreateExact(ServiceDescriptor descriptor, ServiceIdentifier serviceIdentifier, CallSiteChain callSiteChain, Int32 slot)
   at Microsoft.Extensions.DependencyInjection.ServiceLookup.CallSiteFactory.GetCallSite(ServiceDescriptor serviceDescriptor, CallSiteChain callSiteChain)
   at Microsoft.Extensions.DependencyInjection.ServiceProvider.ValidateService(ServiceDescriptor descriptor)
   --- End of inner exception stack trace ---
   at Microsoft.Extensions.DependencyInjection.ServiceProvider.ValidateService(ServiceDescriptor descriptor)
   at Microsoft.Extensions.DependencyInjection.ServiceProvider..ctor(ICollection`1 serviceDescriptors, ServiceProviderOptions options)
   --- End of inner exception stack trace ---
   at Microsoft.Extensions.DependencyInjection.ServiceProvider..ctor(ICollection`1 serviceDescriptors, ServiceProviderOptions options)
   at Microsoft.Extensions.DependencyInjection.ServiceCollectionContainerBuilderExtensions.BuildServiceProvider(IServiceCollection services, ServiceProviderOptions options)
   at Microsoft.Extensions.Hosting.HostApplicationBuilder.Build()
   at Microsoft.AspNetCore.Builder.WebApplicationBuilder.Build()
   at Program.<Main>$(String[] args) in D:\AIProjs\gitprojs\lpscode\LPS.APS.Web\Program.cs:line 197
 ---> (Inner Exception #1) System.InvalidOperationException: Error while validating the service descriptor 'ServiceType: LPS.APS.Core.Interfaces.ISchedulingOrchestrator Lifetime: Scoped ImplementationType: LPS.APS.Application.Services.SchedulingOrchestrator': Unable to resolve service for type 'LPS.APS.Core.Interfaces.IBatchSplitter' while attempting to activate 'LPS.APS.Application.Services.SchedulingOrchestrator'.
 ---> System.InvalidOperationException: Unable to resolve service for type 'LPS.APS.Core.Interfaces.IBatchSplitter' while attempting to activate 'LPS.APS.Application.Services.SchedulingOrchestrator'.
   at Microsoft.Extensions.DependencyInjection.ServiceLookup.CallSiteFactory.CreateArgumentCallSites(ServiceIdentifier serviceIdentifier, Type implementationType, CallSiteChain callSiteChain, ParameterInfo[] parameters, Boolean throwIfCallSiteNotFound)
   at Microsoft.Extensions.DependencyInjection.ServiceLookup.CallSiteFactory.CreateConstructorCallSite(ResultCache lifetime, ServiceIdentifier serviceIdentifier, Type implementationType, CallSiteChain callSiteChain)
   at Microsoft.Extensions.DependencyInjection.ServiceLookup.CallSiteFactory.CreateExact(ServiceDescriptor descriptor, ServiceIdentifier serviceIdentifier, CallSiteChain callSiteChain, Int32 slot)
   at Microsoft.Extensions.DependencyInjection.ServiceLookup.CallSiteFactory.TryCreateExact(ServiceDescriptor descriptor, ServiceIdentifier serviceIdentifier, CallSiteChain callSiteChain, Int32 slot)
   at Microsoft.Extensions.DependencyInjection.ServiceLookup.CallSiteFactory.GetCallSite(ServiceDescriptor serviceDescriptor, CallSiteChain callSiteChain)
   at Microsoft.Extensions.DependencyInjection.ServiceProvider.ValidateService(ServiceDescriptor descriptor)
   --- End of inner exception stack trace ---
   at Microsoft.Extensions.DependencyInjection.ServiceProvider.ValidateService(ServiceDescriptor descriptor)
   at Microsoft.Extensions.DependencyInjection.ServiceProvider..ctor(ICollection`1 serviceDescriptors, ServiceProviderOptions options)<---

[2026-08-27 14:54:52.859 INF] [] ========================================
[2026-08-27 14:54:52.899 INF] [] LPS.APS 应用程序启动中...
[2026-08-27 14:54:52.900 INF] [] ========================================
[2026-08-27 14:54:53.454 FTL] [] LPS.APS 应用程序启动失败
System.AggregateException: Some services are not able to be constructed (Error while validating the service descriptor 'ServiceType: LPS.APS.Core.Interfaces.IPeggingOrchestrator Lifetime: Scoped ImplementationType: LPS.APS.Application.Services.PeggingOrchestrator': Unable to resolve service for type 'LPS.APS.Core.Interfaces.IPeggingRuleService' while attempting to activate 'LPS.APS.Application.Services.PeggingOrchestrator'.) (Error while validating the service descriptor 'ServiceType: LPS.APS.Core.Interfaces.ISchedulingOrchestrator Lifetime: Scoped ImplementationType: LPS.APS.Application.Services.SchedulingOrchestrator': Unable to resolve service for type 'LPS.APS.Core.Interfaces.IBatchSplitter' while attempting to activate 'LPS.APS.Application.Services.SchedulingOrchestrator'.)
 ---> System.InvalidOperationException: Error while validating the service descriptor 'ServiceType: LPS.APS.Core.Interfaces.IPeggingOrchestrator Lifetime: Scoped ImplementationType: LPS.APS.Application.Services.PeggingOrchestrator': Unable to resolve service for type 'LPS.APS.Core.Interfaces.IPeggingRuleService' while attempting to activate 'LPS.APS.Application.Services.PeggingOrchestrator'.
 ---> System.InvalidOperationException: Unable to resolve service for type 'LPS.APS.Core.Interfaces.IPeggingRuleService' while attempting to activate 'LPS.APS.Application.Services.PeggingOrchestrator'.
   at Microsoft.Extensions.DependencyInjection.ServiceLookup.CallSiteFactory.CreateArgumentCallSites(ServiceIdentifier serviceIdentifier, Type implementationType, CallSiteChain callSiteChain, ParameterInfo[] parameters, Boolean throwIfCallSiteNotFound)
   at Microsoft.Extensions.DependencyInjection.ServiceLookup.CallSiteFactory.CreateConstructorCallSite(ResultCache lifetime, ServiceIdentifier serviceIdentifier, Type implementationType, CallSiteChain callSiteChain)
   at Microsoft.Extensions.DependencyInjection.ServiceLookup.CallSiteFactory.CreateExact(ServiceDescriptor descriptor, ServiceIdentifier serviceIdentifier, CallSiteChain callSiteChain, Int32 slot)
   at Microsoft.Extensions.DependencyInjection.ServiceLookup.CallSiteFactory.TryCreateExact(ServiceDescriptor descriptor, ServiceIdentifier serviceIdentifier, CallSiteChain callSiteChain, Int32 slot)
   at Microsoft.Extensions.DependencyInjection.ServiceLookup.CallSiteFactory.GetCallSite(ServiceDescriptor serviceDescriptor, CallSiteChain callSiteChain)
   at Microsoft.Extensions.DependencyInjection.ServiceProvider.ValidateService(ServiceDescriptor descriptor)
   --- End of inner exception stack trace ---
   at Microsoft.Extensions.DependencyInjection.ServiceProvider.ValidateService(ServiceDescriptor descriptor)
   at Microsoft.Extensions.DependencyInjection.ServiceProvider..ctor(ICollection`1 serviceDescriptors, ServiceProviderOptions options)
   --- End of inner exception stack trace ---
   at Microsoft.Extensions.DependencyInjection.ServiceProvider..ctor(ICollection`1 serviceDescriptors, ServiceProviderOptions options)
   at Microsoft.Extensions.DependencyInjection.ServiceCollectionContainerBuilderExtensions.BuildServiceProvider(IServiceCollection services, ServiceProviderOptions options)
   at Microsoft.Extensions.Hosting.HostApplicationBuilder.Build()
   at Microsoft.AspNetCore.Builder.WebApplicationBuilder.Build()
   at Program.<Main>$(String[] args) in D:\AIProjs\gitprojs\lpscode\LPS.APS.Web\Program.cs:line 197
 ---> (Inner Exception #1) System.InvalidOperationException: Error while validating the service descriptor 'ServiceType: LPS.APS.Core.Interfaces.ISchedulingOrchestrator Lifetime: Scoped ImplementationType: LPS.APS.Application.Services.SchedulingOrchestrator': Unable to resolve service for type 'LPS.APS.Core.Interfaces.IBatchSplitter' while attempting to activate 'LPS.APS.Application.Services.SchedulingOrchestrator'.
 ---> System.InvalidOperationException: Unable to resolve service for type 'LPS.APS.Core.Interfaces.IBatchSplitter' while attempting to activate 'LPS.APS.Application.Services.SchedulingOrchestrator'.
   at Microsoft.Extensions.DependencyInjection.ServiceLookup.CallSiteFactory.CreateArgumentCallSites(ServiceIdentifier serviceIdentifier, Type implementationType, CallSiteChain callSiteChain, ParameterInfo[] parameters, Boolean throwIfCallSiteNotFound)
   at Microsoft.Extensions.DependencyInjection.ServiceLookup.CallSiteFactory.CreateConstructorCallSite(ResultCache lifetime, ServiceIdentifier serviceIdentifier, Type implementationType, CallSiteChain callSiteChain)
   at Microsoft.Extensions.DependencyInjection.ServiceLookup.CallSiteFactory.CreateExact(ServiceDescriptor descriptor, ServiceIdentifier serviceIdentifier, CallSiteChain callSiteChain, Int32 slot)
   at Microsoft.Extensions.DependencyInjection.ServiceLookup.CallSiteFactory.TryCreateExact(ServiceDescriptor descriptor, ServiceIdentifier serviceIdentifier, CallSiteChain callSiteChain, Int32 slot)
   at Microsoft.Extensions.DependencyInjection.ServiceLookup.CallSiteFactory.GetCallSite(ServiceDescriptor serviceDescriptor, CallSiteChain callSiteChain)
   at Microsoft.Extensions.DependencyInjection.ServiceProvider.ValidateService(ServiceDescriptor descriptor)
   --- End of inner exception stack trace ---
   at Microsoft.Extensions.DependencyInjection.ServiceProvider.ValidateService(ServiceDescriptor descriptor)
   at Microsoft.Extensions.DependencyInjection.ServiceProvider..ctor(ICollection`1 serviceDescriptors, ServiceProviderOptions options)<---

[2026-08-27 15:50:40.478 INF] [] ========================================
[2026-08-27 15:50:40.531 INF] [] LPS.APS 应用程序启动中...
[2026-08-27 15:50:40.531 INF] [] ========================================
[2026-08-27 15:50:42.184 INF] [] LPS.APS 应用程序启动完成
[2026-08-27 15:50:42.190 DBG] [Microsoft.Extensions.Hosting.Internal.Host] Hosting starting
[2026-08-27 15:50:42.452 INF] [Microsoft.Hosting.Lifetime] Now listening on: http://localhost:5163
[2026-08-27 15:50:42.587 INF] [Microsoft.Hosting.Lifetime] Application started. Press Ctrl+C to shut down.
[2026-08-27 15:50:42.610 INF] [Microsoft.Hosting.Lifetime] Hosting environment: Development
[2026-08-27 15:50:42.618 INF] [Microsoft.Hosting.Lifetime] Content root path: D:\AIProjs\gitprojs\lpscode\LPS.APS.Web
[2026-08-27 15:50:42.627 DBG] [Microsoft.Extensions.Hosting.Internal.Host] Hosting started
