[2026-09-02 08:46:40.030 INF] [] ========================================
[2026-09-02 08:46:40.075 INF] [] LPS.APS 应用程序启动中...
[2026-09-02 08:46:40.076 INF] [] ========================================
[2026-09-02 08:46:41.649 INF] [] LPS.APS 应用程序启动完成
[2026-09-02 08:46:41.654 DBG] [Microsoft.Extensions.Hosting.Internal.Host] Hosting starting
[2026-09-02 08:46:41.875 INF] [Microsoft.Hosting.Lifetime] Now listening on: http://localhost:5163
[2026-09-02 08:46:41.975 INF] [Microsoft.Hosting.Lifetime] Application started. Press Ctrl+C to shut down.
[2026-09-02 08:46:41.976 INF] [Microsoft.Hosting.Lifetime] Hosting environment: Development
[2026-09-02 08:46:41.976 INF] [Microsoft.Hosting.Lifetime] Content root path: D:\AIProjs\gitprojs\lpscode\LPS.APS.Web
[2026-09-02 08:46:41.977 DBG] [Microsoft.Extensions.Hosting.Internal.Host] Hosting started
[2026-09-02 17:22:02.257 INF] [] ========================================
[2026-09-02 17:22:02.303 INF] [] LPS.APS 应用程序启动中...
[2026-09-02 17:22:02.303 INF] [] ========================================
[2026-09-02 17:22:03.800 INF] [] LPS.APS 应用程序启动完成
[2026-09-02 17:22:03.805 DBG] [Microsoft.Extensions.Hosting.Internal.Host] Hosting starting
[2026-09-02 17:22:04.048 INF] [Microsoft.Hosting.Lifetime] Now listening on: http://localhost:5163
[2026-09-02 17:22:04.145 INF] [Microsoft.Hosting.Lifetime] Application started. Press Ctrl+C to shut down.
[2026-09-02 17:22:04.146 INF] [Microsoft.Hosting.Lifetime] Hosting environment: Development
[2026-09-02 17:22:04.146 INF] [Microsoft.Hosting.Lifetime] Content root path: D:\AIProjs\gitprojs\lpscode\LPS.APS.Web
[2026-09-02 17:22:04.146 DBG] [Microsoft.Extensions.Hosting.Internal.Host] Hosting started
[2026-09-02 17:37:43.058 INF] [] ========================================
[2026-09-02 17:37:43.114 INF] [] LPS.APS 应用程序启动中...
[2026-09-02 17:37:43.115 INF] [] ========================================
[2026-09-02 17:37:44.419 INF] [] LPS.APS 应用程序启动完成
[2026-09-02 17:37:44.423 DBG] [Microsoft.Extensions.Hosting.Internal.Host] Hosting starting
[2026-09-02 17:37:44.601 INF] [Microsoft.Hosting.Lifetime] Now listening on: http://localhost:5163
[2026-09-02 17:37:44.704 INF] [Microsoft.Hosting.Lifetime] Application started. Press Ctrl+C to shut down.
[2026-09-02 17:37:44.705 INF] [Microsoft.Hosting.Lifetime] Hosting environment: Development
[2026-09-02 17:37:44.705 INF] [Microsoft.Hosting.Lifetime] Content root path: D:\AIProjs\gitprojs\lpscode\LPS.APS.Web
[2026-09-02 17:37:44.706 DBG] [Microsoft.Extensions.Hosting.Internal.Host] Hosting started
